// Jest Snapshot v1, https://goo.gl/fbAQLP

exports[`Epics fetchDataEpic should call set failure action with error 1`] = `
Array [
  Object {
    "payload": Object {
      "data": Array [
        Object {
          "avatar": "https://s3.amazonaws.com/uifaces/faces/twitter/calebogden/128.jpg",
          "first_name": "George",
          "id": 1,
          "last_name": "Bluth",
        },
        Object {
          "avatar": "https://s3.amazonaws.com/uifaces/faces/twitter/josephstein/128.jpg",
          "first_name": "Janet",
          "id": 2,
          "last_name": "Weaver",
        },
        Object {
          "avatar": "https://s3.amazonaws.com/uifaces/faces/twitter/olegpogodaev/128.jpg",
          "first_name": "Emma",
          "id": 3,
          "last_name": "Wong",
        },
        Object {
          "avatar": "https://s3.amazonaws.com/uifaces/faces/twitter/marcoramires/128.jpg",
          "first_name": "Eve",
          "id": 4,
          "last_name": "Holt",
        },
        Object {
          "avatar": "https://s3.amazonaws.com/uifaces/faces/twitter/stephenmoon/128.jpg",
          "first_name": "Charles",
          "id": 5,
          "last_name": "Morris",
        },
        Object {
          "avatar": "https://s3.amazonaws.com/uifaces/faces/twitter/bigmancho/128.jpg",
          "first_name": "Tracey",
          "id": 6,
          "last_name": "Ramos",
        },
        Object {
          "avatar": "https://s3.amazonaws.com/uifaces/faces/twitter/follettkyle/128.jpg",
          "first_name": "Michael",
          "id": 7,
          "last_name": "Lawson",
        },
        Object {
          "avatar": "https://s3.amazonaws.com/uifaces/faces/twitter/araa3185/128.jpg",
          "first_name": "Lindsay",
          "id": 8,
          "last_name": "Ferguson",
        },
        Object {
          "avatar": "https://s3.amazonaws.com/uifaces/faces/twitter/vivekprvr/128.jpg",
          "first_name": "Tobias",
          "id": 9,
          "last_name": "Funke",
        },
        Object {
          "avatar": "https://s3.amazonaws.com/uifaces/faces/twitter/russoedu/128.jpg",
          "first_name": "Byron",
          "id": 10,
          "last_name": "Fields",
        },
        Object {
          "avatar": "https://s3.amazonaws.com/uifaces/faces/twitter/mrmoiree/128.jpg",
          "first_name": "George",
          "id": 11,
          "last_name": "Edwards",
        },
        Object {
          "avatar": "https://s3.amazonaws.com/uifaces/faces/twitter/hebertialmeida/128.jpg",
          "first_name": "Rachel",
          "id": 12,
          "last_name": "Howell",
        },
      ],
      "page": 1,
      "per_page": 12,
      "total": 12,
      "total_pages": 1,
    },
    "type": "data/FETCH_SUCCESS",
  },
]
`;

exports[`Epics fetchDataEpic should call set success action with payload 1`] = `
Array [
  Object {
    "payload": Object {
      "data": Array [
        Object {
          "avatar": "https://s3.amazonaws.com/uifaces/faces/twitter/calebogden/128.jpg",
          "first_name": "George",
          "id": 1,
          "last_name": "Bluth",
        },
        Object {
          "avatar": "https://s3.amazonaws.com/uifaces/faces/twitter/josephstein/128.jpg",
          "first_name": "Janet",
          "id": 2,
          "last_name": "Weaver",
        },
        Object {
          "avatar": "https://s3.amazonaws.com/uifaces/faces/twitter/olegpogodaev/128.jpg",
          "first_name": "Emma",
          "id": 3,
          "last_name": "Wong",
        },
        Object {
          "avatar": "https://s3.amazonaws.com/uifaces/faces/twitter/marcoramires/128.jpg",
          "first_name": "Eve",
          "id": 4,
          "last_name": "Holt",
        },
        Object {
          "avatar": "https://s3.amazonaws.com/uifaces/faces/twitter/stephenmoon/128.jpg",
          "first_name": "Charles",
          "id": 5,
          "last_name": "Morris",
        },
        Object {
          "avatar": "https://s3.amazonaws.com/uifaces/faces/twitter/bigmancho/128.jpg",
          "first_name": "Tracey",
          "id": 6,
          "last_name": "Ramos",
        },
        Object {
          "avatar": "https://s3.amazonaws.com/uifaces/faces/twitter/follettkyle/128.jpg",
          "first_name": "Michael",
          "id": 7,
          "last_name": "Lawson",
        },
        Object {
          "avatar": "https://s3.amazonaws.com/uifaces/faces/twitter/araa3185/128.jpg",
          "first_name": "Lindsay",
          "id": 8,
          "last_name": "Ferguson",
        },
        Object {
          "avatar": "https://s3.amazonaws.com/uifaces/faces/twitter/vivekprvr/128.jpg",
          "first_name": "Tobias",
          "id": 9,
          "last_name": "Funke",
        },
        Object {
          "avatar": "https://s3.amazonaws.com/uifaces/faces/twitter/russoedu/128.jpg",
          "first_name": "Byron",
          "id": 10,
          "last_name": "Fields",
        },
        Object {
          "avatar": "https://s3.amazonaws.com/uifaces/faces/twitter/mrmoiree/128.jpg",
          "first_name": "George",
          "id": 11,
          "last_name": "Edwards",
        },
        Object {
          "avatar": "https://s3.amazonaws.com/uifaces/faces/twitter/hebertialmeida/128.jpg",
          "first_name": "Rachel",
          "id": 12,
          "last_name": "Howell",
        },
      ],
      "page": 1,
      "per_page": 12,
      "total": 12,
      "total_pages": 1,
    },
    "type": "data/FETCH_SUCCESS",
  },
]
`;

exports[`Epics startFetchDataEpic should call action for start fetching data 1`] = `
Array [
  Object {
    "type": "data/START_FETCH",
  },
]
`;
