// Jest Snapshot v1, https://goo.gl/fbAQLP

exports[`HomeScreenContainer should render 1`] = `
<View
  style={
    Object {
      "alignItems": "center",
      "backgroundColor": "#F3F3F3",
      "flex": 1,
      "justifyContent": "center",
    }
  }
>
  <View
    style={
      Object {
        "flex": 1,
        "marginTop": 20,
        "width": "100%",
      }
    }
  >
    <View
      style={
        Array [
          Object {
            "alignItems": "center",
            "backgroundColor": "#fff",
            "borderRadius": 15,
            "marginBottom": 10,
            "marginLeft": 10,
            "marginRight": 10,
            "marginTop": 10,
            "paddingBottom": 25,
            "paddingLeft": 25,
            "paddingRight": 25,
            "paddingTop": 25,
          },
          undefined,
        ]
      }
    >
      <Image
        source={
          Object {
            "testUri": "../../../common/images/vessel.png",
          }
        }
        style={
          Object {
            "borderRadius": 25,
            "height": 50,
            "width": 50,
          }
        }
      />
    </View>
    <Text
      accessible={true}
      allowFontScaling={true}
      ellipsizeMode="tail"
      style={
        Array [
          Object {
            "fontSize": 12,
            "marginBottom": 15,
            "marginTop": 15,
            "textAlign": "center",
          },
          undefined,
        ]
      }
    >
      This is the ðŸ“± app running on 
      IOS
    </Text>
  </View>
</View>
`;
